[2026-05-15 19:31:07.051] [warn]  [Log Upload] File does not exist: badlion/latest.log (/home/unknown/.minecraft/logs/blclient/minecraft/latest.log), skipping from sending...
[2026-05-15 19:31:07.052] [info]  [Log Upload] Collected file: minecraft/ichor-boot.log (/home/unknown/.lunarclient/profiles/lunar/1.21/logs/ichor-boot.log)
[2026-05-15 19:31:07.052] [warn]  [Log Upload] File does not exist: minecraft/latest.log (/home/unknown/.lunarclient/profiles/lunar/1.21/logs/latest.log), skipping from sending...
[2026-05-15 19:31:07.059] [info]  [DiscordRP] Updating activity status...
[2026-05-15 19:31:07.060] [error] [Launch] Launch error occurred: [UNKNOWN/UNKNOWN] Unknown Crash - An unknown error occurred which did not match any classifications
[2026-05-15 19:31:15.585] [info]  [Window] Rewriting /versions to /versions/lunar...
[2026-05-15 19:31:17.232] [info]  [Profiles] Saving Minecraft 1.21 (ID: a8ac3b28-06ec-4f84-a0e0-8d692d35bdec, Type: lunar, State: saved)...
[2026-05-15 19:31:17.232] [info]  [Profiles] Existing profile is being updated...
[2026-05-15 19:31:17.252] [info]  [Profiles] Saved Minecraft 1.21! (ID: a8ac3b28-06ec-4f84-a0e0-8d692d35bdec)
[2026-05-15 19:31:17.256] [info]  [Settings] Setting game-profile to "lunar-1.21"...
[2026-05-15 19:31:19.266] [info]  [Profiles] Detected change (event: change) to /home/unknown/.lunarclient/profiles/lunar/1.21/profile.json in profile Minecraft 1.21 (ID: a8ac3b28-06ec-4f84-a0e0-8d692d35bdec), refreshing...
[2026-05-15 19:31:19.267] [info]  [Profiles] Refreshing profile Minecraft 1.21 (ID: a8ac3b28-06ec-4f84-a0e0-8d692d35bdec, Initiator: file-change, Skip Jars Refresh: No)...
[2026-05-15 19:31:19.439] [info]  [Profiles] Read 7 jars for profile Minecraft 1.21 (ID: a8ac3b28-06ec-4f84-a0e0-8d692d35bdec, Type: lunar, Game Version: 1.21.11):
[2026-05-15 19:31:19.439] [info]           * Fabric API v0.140.0+1.21.11: Enabled
[2026-05-15 19:31:19.439] [info]           * FerriteCore v8.0.3: Enabled
[2026-05-15 19:31:19.439] [info]           * Iris v1.10.4+mc1.21.11: Enabled
[2026-05-15 19:31:19.439] [info]           * Mod Menu v17.0.0-alpha.1: Enabled
[2026-05-15 19:31:19.439] [info]           * Placeholder API v2.8.1+1.21.10: Enabled
[2026-05-15 19:31:19.439] [info]           * Sodium v0.8.2+mc1.21.11: Enabled
[2026-05-15 19:31:19.439] [info]           * Zero v1.0: Enabled
[2026-05-15 19:31:19.440] [info]  [Profiles] Loaded 0 resource packs for profile Minecraft 1.21 (ID: a8ac3b28-06ec-4f84-a0e0-8d692d35bdec).
[2026-05-15 19:31:19.440] [info]  [Profiles] Loaded 0 shader packs for profile Minecraft 1.21 (ID: a8ac3b28-06ec-4f84-a0e0-8d692d35bdec).
[2026-05-15 19:31:41.802] [debug] [Window] [mission-control] Window focused
[2026-05-15 19:32:09.145] [debug] [Window] [main] Window focused
[2026-05-15 19:32:09.196] [info]  [Profiles] Setting up logs configuration for Minecraft 1.21 at /home/unknown/.lunarclient/profiles/lunar/1.21/logs/config.xml...
[2026-05-15 19:32:09.197] [info]  [Launch] Starting new session (ID: 048c11ae-ed93-4783-b5f5-37295d7ed69a)
[2026-05-15 19:32:09.198] [info]  [Launch] [Request] Starting check...
[2026-05-15 19:32:09.199] [warn]  [Window] Window mission-control attempted to be recreated while already existing!
[2026-05-15 19:32:10.043] [info]  [Launch] [Request] Finished check (845ms)
[2026-05-15 19:32:10.044] [info]  [Launch] [Parallel-stages] Starting check...
[2026-05-15 19:32:10.050] [info]  [Launch]   [Licenses] Starting check...
[2026-05-15 19:32:10.050] [info]  [Launch]   [Textures] Starting check...
[2026-05-15 19:32:10.050] [info]  [Launch]   [Assets] Starting check...
[2026-05-15 19:32:10.050] [info]  [Launch]   [Artifacts-and-natives] Starting check...
[2026-05-15 19:32:10.050] [info]  [Launch]   [Jre] Starting check...
[2026-05-15 19:32:10.050] [info]  [Launch]   [Ui] Starting check...
[2026-05-15 19:32:10.050] [info]  [Launch]   [Base-modpack] Starting check...
[2026-05-15 19:32:10.051] [info]  [Launch]     [Artifacts] Starting check...
[2026-05-15 19:32:10.051] [info]  [Launch]   [Jre] JRE folder permissions: 755
[2026-05-15 19:32:10.093] [info]  [Launch]   [Ui] Skipping VC++ Redistributable as it's not required on this platform!
[2026-05-15 19:32:10.113] [info]  [Launch]   [Textures] Index is valid, using it...
[2026-05-15 19:32:10.119] [info]  [Launch] [Licenses] No new files needed, skipping download phase...
[2026-05-15 19:32:10.119] [info]  [Launch]   [Licenses] Finished check (69ms)
[2026-05-15 19:32:10.145] [info]  [Launch]   [Assets] Index is valid, using it...
[2026-05-15 19:32:10.285] [info]  [Launch]   [Ui] UI zip already downloaded and verified.
[2026-05-15 19:32:10.754] [info]  [Profiles] Read 7 jars for profile Minecraft 1.21 (ID: a8ac3b28-06ec-4f84-a0e0-8d692d35bdec, Type: lunar, Game Version: 1.21.11):
[2026-05-15 19:32:10.754] [info]           * Fabric API v0.140.0+1.21.11: Enabled
[2026-05-15 19:32:10.754] [info]           * FerriteCore v8.0.3: Enabled
[2026-05-15 19:32:10.754] [info]           * Iris v1.10.4+mc1.21.11: Enabled
[2026-05-15 19:32:10.754] [info]           * Mod Menu v17.0.0-alpha.1: Enabled
[2026-05-15 19:32:10.754] [info]           * Placeholder API v2.8.1+1.21.10: Enabled
[2026-05-15 19:32:10.754] [info]           * Sodium v0.8.2+mc1.21.11: Enabled
[2026-05-15 19:32:10.754] [info]           * Zero v1.0: Enabled
[2026-05-15 19:32:10.756] [info]  [Launch] [Textures] No new files needed, skipping download phase...
[2026-05-15 19:32:10.756] [info]  [Launch]   [Textures] Finished check (706ms)
[2026-05-15 19:32:10.774] [info]  [Launch]   [Base-modpack] Finished check (724ms)
[2026-05-15 19:32:11.038] [info]  [Launch] [Assets] No new files needed, skipping download phase...
[2026-05-15 19:32:11.038] [info]  [Launch]   [Assets] Finished check (988ms)
[2026-05-15 19:32:11.054] [info]  [Launch]   [Ui] Zip contains 2 file entries.
[2026-05-15 19:32:11.055] [info]  [Launch]   [Ui] All 2 expected files are present.
[2026-05-15 19:32:11.055] [info]  [Launch]   [Ui] UI d2f97c959d3708b00306de66833674d608744c97 already extracted, reusing.
[2026-05-15 19:32:11.056] [info]  [Launch]   [Ui] Index is valid, using it...
[2026-05-15 19:32:11.068] [info]  [Launch] [Ui] No new files needed, skipping download phase...
[2026-05-15 19:32:11.069] [info]  [Launch]   [Ui] Finished check (1019ms)
[2026-05-15 19:32:11.100] [info]  [Launch] [Artifacts] No new files needed, skipping download phase...
[2026-05-15 19:32:11.101] [info]  [Launch]     [Artifacts] Finished check (1050ms)
[2026-05-15 19:32:11.101] [info]  [Launch]     [Natives] Starting check...
[2026-05-15 19:32:11.101] [info]  [Launch]     [Natives] Extracting 4 natives to /home/unknown/.lunarclient/offline/multiver/natives...
[2026-05-15 19:32:11.334] [info]  [Launch]   [Jre] No new files needed, skipping download phase...
[2026-05-15 19:32:11.334] [info]  [Launch]   [Jre] Performing JavaW integrity check...
[2026-05-15 19:32:11.334] [info]  [Launch]   [Jre] Current JavaW file permissions: 755
[2026-05-15 19:32:11.334] [info]  [Launch]   [Jre] Finished check (1284ms)
[2026-05-15 19:32:13.094] [info]  [Launch]     [Natives] Finished check (1993ms)
[2026-05-15 19:32:13.094] [info]  [Launch]   [Artifacts-and-natives] Finished check (3044ms)
[2026-05-15 19:32:13.094] [info]  [Launch] [Parallel-stages] Finished check (3050ms)
[2026-05-15 19:32:13.094] [info]  [Launch] [Jar-validation] Starting check...
[2026-05-15 19:32:13.094] [info]  [Launch] [Jar-validation] Validating jar files in /home/unknown/.lunarclient/profiles/lunar/1.21/mods/fabric-1.21.11...
[2026-05-15 19:32:13.096] [info]  [Launch] [Jar-validation] Found 53 jar file(s) to validate
[2026-05-15 19:32:13.152] [info]  [Launch] [Jar-validation] Validation complete: 53 valid, 0 invalid
[2026-05-15 19:32:13.152] [info]  [Launch] [Jar-validation] Finished check (58ms)
[2026-05-15 19:32:13.414] [debug] [Window] [mission-control] Window focused
[2026-05-15 19:32:15.658] [info]  [Launch] Spawning JVM process with following configuration...
[2026-05-15 19:32:15.658] [info]           * Version: 1.21
[2026-05-15 19:32:15.658] [info]           * Subversion: 1.21.11
[2026-05-15 19:32:15.658] [info]           * Module: fabric
[2026-05-15 19:32:15.658] [info]           * Directory: /home/unknown/.minecraft
[2026-05-15 19:32:15.658] [info]           * Resolution: 1280x720
[2026-05-15 19:32:15.658] [info]           * Fullscreen?: false
[2026-05-15 19:32:15.658] [info]           * Memory: 3072MB
[2026-05-15 19:32:15.658] [info]           * Branch: master
[2026-05-15 19:32:15.659] [info]           * Quick Join: N/A
[2026-05-15 19:32:15.659] [info]           * Profile ID: a8ac3b28-06ec-4f84-a0e0-8d692d35bdec
[2026-05-15 19:32:15.659] [info]           * Loader Version: automatic
[2026-05-15 19:32:15.659] [info]           * Custom JVM Arguments: N/A
[2026-05-15 19:32:15.659] [info]           * IPC Port: 28190
[2026-05-15 19:32:15.659] [info]           * Pre-launch Command: N/A
[2026-05-15 19:32:15.659] [info]           * Wrapper Command: N/A
[2026-05-15 19:32:15.659] [info]           * Post-exit Command: N/A
[2026-05-15 19:32:15.659] [info]           * Mods Directory: /home/unknown/.lunarclient/profiles/lunar/1.21/mods
[2026-05-15 19:32:15.669] [info]  [Launch] JVM process started with following outputs...
[2026-05-15 19:32:15.669] [info]           * PID: 230821
[2026-05-15 19:32:15.670] [info]           * Start Time: 15.05.2026, 19:32:15
[2026-05-15 19:32:30.731] [info]  [Launch] JVM for launch session 048c11ae-ed93-4783-b5f5-37295d7ed69a has exited...
[2026-05-15 19:32:30.733] [info]           * Signal: SIGKILL
[2026-05-15 19:32:30.735] [info]  [DiscordRP] Updating activity status...
[2026-05-15 19:32:30.947] [info]  [DiscordRP] Updating activity status...
[2026-05-15 19:32:30.948] [info]  [Log Upload] Attempting to read game log: /home/unknown/.lunarclient/profiles/lunar/1.21/logs/latest.log
[2026-05-15 19:32:30.948] [error] [Log Upload] Error reading file latest.log: File does not exist.
[2026-05-15 19:32:30.948] [info]  [Log Upload] No launch directory or latest log timestamp found, skipping crash report search.
[2026-05-15 19:32:30.949] [warn]  [Log Upload] hs_err_pid file does not exist: /home/unknown/.lunarclient/offline/multiver/hs_err_pid230821.log
[2026-05-15 19:32:30.949] [warn]  [Log Upload] Minecraft debug folder does not exist at /home/unknown/.minecraft/debug, skipping...
[2026-05-15 19:32:30.950] [info]  [Log Upload] Collected file: lunar/main.log (/home/unknown/.lunarclient/logs/launcher/main.log)
[2026-05-15 19:32:30.950] [info]  [Log Upload] Collected file: lunar/assetserver.log (/home/unknown/.lunarclient/logs/launcher/assetserver.log)
[2026-05-15 19:32:30.950] [info]  [Log Upload] Collected file: lunar/auth.log (/home/unknown/.lunarclient/logs/launcher/auth.log)
[2026-05-15 19:32:30.950] [info]  [Log Upload] Collected file: lunar/gameipc.log (/home/unknown/.lunarclient/logs/launcher/gameipc.log)
[2026-05-15 19:32:30.950] [info]  [Log Upload] Collected file: lunar/promotions.log (/home/unknown/.lunarclient/logs/launcher/promotions.log)
[2026-05-15 19:32:30.952] [info]  [Log Upload] Collected file: lunar/updater.log (/home/unknown/.lunarclient/logs/launcher/updater.log)
[2026-05-15 19:32:30.952] [info]  [Log Upload] Collected file: lunar/window.log (/home/unknown/.lunarclient/logs/launcher/window.log)
[2026-05-15 19:32:30.952] [info]  [Log Upload] Collected file: lunar/overwolf.log (/home/unknown/.lunarclient/logs/launcher/overwolf.log)
[2026-05-15 19:32:30.952] [info]  [Log Upload] Collected file: lunar/styngr.log (/home/unknown/.lunarclient/logs/launcher/styngr.log)
[2026-05-15 19:32:30.952] [warn]  [Log Upload] File does not exist: lunar/tebex.log (/home/unknown/.lunarclient/logs/launcher/tebex.log), skipping from sending...
[2026-05-15 19:32:30.953] [warn]  [Log Upload] File does not exist: overwolf/owpm.log (/home/unknown/.config/ow-electron/jilehohlakeokncafogkgnicgndeecdiengddbcc/logs/owpm.log), skipping from sending...
[2026-05-15 19:32:30.953] [warn]  [Log Upload] File does not exist: overwolf/overlay.log (/home/unknown/.config/ow-electron/jilehohlakeokncafogkgnicgndeecdiengddbcc/logs/overlay/overlay.log), skipping from sending...
[2026-05-15 19:32:30.953] [warn]  [Log Upload] File does not exist: overwolf/utility.log (/home/unknown/.config/ow-electron/jilehohlakeokncafogkgnicgndeecdiengddbcc/logs/utility/utility.log), skipping from sending...
[2026-05-15 19:32:30.953] [warn]  [Log Upload] File does not exist: badlion/main.log (/home/unknown/Badlion Client/logs/main.log), skipping from sending...
[2026-05-15 19:32:30.953] [warn]  [Log Upload] File does not exist: badlion/renderer.log (/home/unknown/Badlion Client/logs/renderer.log), skipping from sending...
[2026-05-15 19:32:30.953] [warn]  [Log Upload] File does not exist: badlion/latest.log (/home/unknown/.minecraft/logs/blclient/minecraft/latest.log), skipping from sending...
[2026-05-15 19:32:30.953] [info]  [Log Upload] Collected file: minecraft/ichor-boot.log (/home/unknown/.lunarclient/profiles/lunar/1.21/logs/ichor-boot.log)
[2026-05-15 19:32:30.953] [warn]  [Log Upload] File does not exist: minecraft/latest.log (/home/unknown/.lunarclient/profiles/lunar/1.21/logs/latest.log), skipping from sending...
[2026-05-15 19:32:30.956] [info]  [DiscordRP] Updating activity status...
[2026-05-15 19:32:30.956] [error] [Launch] Launch error occurred: [UNKNOWN/UNKNOWN] Unknown Crash - An unknown error occurred which did not match any classifications
[2026-05-15 19:32:36.106] [debug] [Window] [main] Window focused
[2026-05-15 19:32:43.222] [info]  [Profiles] Setting up logs configuration for Minecraft 1.21 at /home/unknown/.lunarclient/profiles/lunar/1.21/logs/config.xml...
[2026-05-15 19:32:43.222] [info]  [Launch] Starting new session (ID: 5f16603f-5c37-4d15-8578-cfdc5f0a1022)
[2026-05-15 19:32:43.223] [info]  [Launch] [Request] Starting check...
[2026-05-15 19:32:43.224] [warn]  [Window] Window mission-control attempted to be recreated while already existing!
[2026-05-15 19:32:43.435] [info]  [Launch] [Request] Finished check (212ms)
[2026-05-15 19:32:43.436] [info]  [Launch] [Parallel-stages] Starting check...
[2026-05-15 19:32:43.436] [info]  [Launch]   [Licenses] Starting check...
[2026-05-15 19:32:43.436] [info]  [Launch]   [Textures] Starting check...
[2026-05-15 19:32:43.437] [info]  [Launch]   [Assets] Starting check...
[2026-05-15 19:32:43.437] [info]  [Launch]   [Artifacts-and-natives] Starting check...
[2026-05-15 19:32:43.437] [info]  [Launch]   [Jre] Starting check...
[2026-05-15 19:32:43.437] [info]  [Launch]   [Ui] Starting check...
[2026-05-15 19:32:43.437] [info]  [Launch]   [Base-modpack] Starting check...
[2026-05-15 19:32:43.437] [info]  [Launch]     [Artifacts] Starting check...
[2026-05-15 19:32:43.437] [info]  [Launch]   [Jre] JRE folder permissions: 755
[2026-05-15 19:32:43.467] [info]  [Launch]   [Ui] Skipping VC++ Redistributable as it's not required on this platform!
[2026-05-15 19:32:43.484] [info]  [Launch]   [Textures] Index is valid, using it...
[2026-05-15 19:32:43.484] [info]  [Launch] [Licenses] No new files needed, skipping download phase...
[2026-05-15 19:32:43.484] [info]  [Launch]   [Licenses] Finished check (48ms)
[2026-05-15 19:32:43.509] [info]  [Launch]   [Assets] Index is valid, using it...
[2026-05-15 19:32:43.652] [info]  [Launch]   [Ui] UI zip already downloaded and verified.
[2026-05-15 19:32:44.116] [info]  [Profiles] Read 7 jars for profile Minecraft 1.21 (ID: a8ac3b28-06ec-4f84-a0e0-8d692d35bdec, Type: lunar, Game Version: 1.21.11):
[2026-05-15 19:32:44.117] [info]           * Fabric API v0.140.0+1.21.11: Enabled
[2026-05-15 19:32:44.117] [info]           * FerriteCore v8.0.3: Enabled
[2026-05-15 19:32:44.117] [info]           * Iris v1.10.4+mc1.21.11: Enabled
[2026-05-15 19:32:44.117] [info]           * Mod Menu v17.0.0-alpha.1: Enabled
[2026-05-15 19:32:44.117] [info]           * Placeholder API v2.8.1+1.21.10: Enabled
[2026-05-15 19:32:44.117] [info]           * Sodium v0.8.2+mc1.21.11: Enabled
[2026-05-15 19:32:44.117] [info]           * Zero v1.0: Enabled
[2026-05-15 19:32:44.117] [info]  [Launch] [Textures] No new files needed, skipping download phase...
[2026-05-15 19:32:44.117] [info]  [Launch]   [Textures] Finished check (681ms)
[2026-05-15 19:32:44.130] [info]  [Launch]   [Base-modpack] Finished check (693ms)
[2026-05-15 19:32:44.385] [info]  [Launch] [Assets] No new files needed, skipping download phase...
[2026-05-15 19:32:44.385] [info]  [Launch]   [Assets] Finished check (948ms)
[2026-05-15 19:32:44.401] [info]  [Launch]   [Ui] Zip contains 2 file entries.
[2026-05-15 19:32:44.401] [info]  [Launch]   [Ui] All 2 expected files are present.
[2026-05-15 19:32:44.401] [info]  [Launch]   [Ui] UI d2f97c959d3708b00306de66833674d608744c97 already extracted, reusing.
[2026-05-15 19:32:44.402] [info]  [Launch]   [Ui] Index is valid, using it...
[2026-05-15 19:32:44.410] [info]  [Launch] [Ui] No new files needed, skipping download phase...
[2026-05-15 19:32:44.410] [info]  [Launch]   [Ui] Finished check (973ms)
[2026-05-15 19:32:44.448] [info]  [Launch] [Artifacts] No new files needed, skipping download phase...
[2026-05-15 19:32:44.448] [info]  [Launch]     [Artifacts] Finished check (1011ms)
[2026-05-15 19:32:44.448] [info]  [Launch]     [Natives] Starting check...
[2026-05-15 19:32:44.448] [info]  [Launch]     [Natives] Extracting 4 natives to /home/unknown/.lunarclient/offline/multiver/natives...
[2026-05-15 19:32:44.676] [info]  [Launch]   [Jre] No new files needed, skipping download phase...
[2026-05-15 19:32:44.677] [info]  [Launch]   [Jre] Performing JavaW integrity check...
[2026-05-15 19:32:44.677] [info]  [Launch]   [Jre] Current JavaW file permissions: 755
[2026-05-15 19:32:44.677] [info]  [Launch]   [Jre] Finished check (1240ms)
[2026-05-15 19:32:46.229] [info]  [Launch]     [Natives] Finished check (1781ms)
[2026-05-15 19:32:46.230] [info]  [Launch]   [Artifacts-and-natives] Finished check (2793ms)
[2026-05-15 19:32:46.230] [info]  [Launch] [Parallel-stages] Finished check (2794ms)
[2026-05-15 19:32:46.230] [info]  [Launch] [Jar-validation] Starting check...
[2026-05-15 19:32:46.230] [info]  [Launch] [Jar-validation] Validating jar files in /home/unknown/.lunarclient/profiles/lunar/1.21/mods/fabric-1.21.11...
[2026-05-15 19:32:46.232] [info]  [Launch] [Jar-validation] Found 53 jar file(s) to validate
[2026-05-15 19:32:46.291] [info]  [Launch] [Jar-validation] Validation complete: 53 valid, 0 invalid
[2026-05-15 19:32:46.291] [info]  [Launch] [Jar-validation] Finished check (61ms)
[2026-05-15 19:32:48.331] [debug] [Window] [mission-control] Window focused
[2026-05-15 19:32:48.796] [info]  [Launch] Spawning JVM process with following configuration...
[2026-05-15 19:32:48.796] [info]           * Version: 1.21
[2026-05-15 19:32:48.796] [info]           * Subversion: 1.21.11
[2026-05-15 19:32:48.796] [info]           * Module: fabric
[2026-05-15 19:32:48.796] [info]           * Directory: /home/unknown/.minecraft
[2026-05-15 19:32:48.796] [info]           * Resolution: 1280x720
[2026-05-15 19:32:48.796] [info]           * Fullscreen?: false
[2026-05-15 19:32:48.797] [info]           * Memory: 3072MB
[2026-05-15 19:32:48.797] [info]           * Branch: master
[2026-05-15 19:32:48.797] [info]           * Quick Join: N/A
[2026-05-15 19:32:48.797] [info]           * Profile ID: a8ac3b28-06ec-4f84-a0e0-8d692d35bdec
[2026-05-15 19:32:48.797] [info]           * Loader Version: automatic
[2026-05-15 19:32:48.797] [info]           * Custom JVM Arguments: N/A
[2026-05-15 19:32:48.797] [info]           * IPC Port: 28190
[2026-05-15 19:32:48.797] [info]           * Pre-launch Command: N/A
[2026-05-15 19:32:48.797] [info]           * Wrapper Command: N/A
[2026-05-15 19:32:48.797] [info]           * Post-exit Command: N/A
[2026-05-15 19:32:48.797] [info]           * Mods Directory: /home/unknown/.lunarclient/profiles/lunar/1.21/mods
[2026-05-15 19:32:48.807] [info]  [Launch] JVM process started with following outputs...
[2026-05-15 19:32:48.807] [info]           * PID: 231768
[2026-05-15 19:32:48.807] [info]           * Start Time: 15.05.2026, 19:32:48
[2026-05-15 19:32:50.031] [debug] [Window] [main] Window focused
[2026-05-15 19:32:55.080] [info]  [Launch] JVM for launch session 5f16603f-5c37-4d15-8578-cfdc5f0a1022 has exited...
[2026-05-15 19:32:55.082] [info]           * Signal: SIGKILL
[2026-05-15 19:32:55.086] [info]  [DiscordRP] Updating activity status...
[2026-05-15 19:32:55.150] [info]  [DiscordRP] Updating activity status...
[2026-05-15 19:32:55.150] [info]  [Log Upload] Attempting to read game log: /home/unknown/.lunarclient/profiles/lunar/1.21/logs/latest.log
[2026-05-15 19:32:55.150] [error] [Log Upload] Error reading file latest.log: File does not exist.
[2026-05-15 19:32:55.150] [info]  [Log Upload] No launch directory or latest log timestamp found, skipping crash report search.
[2026-05-15 19:32:55.151] [warn]  [Log Upload] hs_err_pid file does not exist: /home/unknown/.lunarclient/offline/multiver/hs_err_pid231768.log
[2026-05-15 19:32:55.151] [warn]  [Log Upload] Minecraft debug folder does not exist at /home/unknown/.minecraft/debug, skipping...
[2026-05-15 19:32:55.151] [info]  [Log Upload] Collected file: lunar/main.log (/home/unknown/.lunarclient/logs/launcher/main.log)
[2026-05-15 19:32:55.151] [info]  [Log Upload] Collected file: lunar/assetserver.log (/home/unknown/.lunarclient/logs/launcher/assetserver.log)
[2026-05-15 19:32:55.152] [info]  [Log Upload] Collected file: lunar/auth.log (/home/unknown/.lunarclient/logs/launcher/auth.log)
[2026-05-15 19:32:55.152] [info]  [Log Upload] Collected file: lunar/gameipc.log (/home/unknown/.lunarclient/logs/launcher/gameipc.log)
[2026-05-15 19:32:55.152] [info]  [Log Upload] Collected file: lunar/promotions.log (/home/unknown/.lunarclient/logs/launcher/promotions.log)
[2026-05-15 19:32:55.152] [info]  [Log Upload] Collected file: lunar/updater.log (/home/unknown/.lunarclient/logs/launcher/updater.log)
[2026-05-15 19:32:55.152] [info]  [Log Upload] Collected file: lunar/window.log (/home/unknown/.lunarclient/logs/launcher/window.log)
[2026-05-15 19:32:55.152] [info]  [Log Upload] Collected file: lunar/overwolf.log (/home/unknown/.lunarclient/logs/launcher/overwolf.log)
[2026-05-15 19:32:55.153] [info]  [Log Upload] Collected file: lunar/styngr.log (/home/unknown/.lunarclient/logs/launcher/styngr.log)
[2026-05-15 19:32:55.153] [warn]  [Log Upload] File does not exist: lunar/tebex.log (/home/unknown/.lunarclient/logs/launcher/tebex.log), skipping from sending...
[2026-05-15 19:32:55.153] [warn]  [Log Upload] File does not exist: overwolf/owpm.log (/home/unknown/.config/ow-electron/jilehohlakeokncafogkgnicgndeecdiengddbcc/logs/owpm.log), skipping from sending...
[2026-05-15 19:32:55.153] [warn]  [Log Upload] File does not exist: overwolf/overlay.log (/home/unknown/.config/ow-electron/jilehohlakeokncafogkgnicgndeecdiengddbcc/logs/overlay/overlay.log), skipping from sending...
[2026-05-15 19:32:55.153] [warn]  [Log Upload] File does not exist: overwolf/utility.log (/home/unknown/.config/ow-electron/jilehohlakeokncafogkgnicgndeecdiengddbcc/logs/utility/utility.log), skipping from sending...
[2026-05-15 19:32:55.153] [warn]  [Log Upload] File does not exist: badlion/main.log (/home/unknown/Badlion Client/logs/main.log), skipping from sending...
[2026-05-15 19:32:55.153] [warn]  [Log Upload] File does not exist: badlion/renderer.log (/home/unknown/Badlion Client/logs/renderer.log), skipping from sending...
[2026-05-15 19:32:55.153] [warn]  [Log Upload] File does not exist: badlion/latest.log (/home/unknown/.minecraft/logs/blclient/minecraft/latest.log), skipping from sending...
[2026-05-15 19:32:55.153] [info]  [Log Upload] Collected file: minecraft/ichor-boot.log (/home/unknown/.lunarclient/profiles/lunar/1.21/logs/ichor-boot.log)
[2026-05-15 19:32:55.154] [warn]  [Log Upload] File does not exist: minecraft/latest.log (/home/unknown/.lunarclient/profiles/lunar/1.21/logs/latest.log), skipping from sending...
[2026-05-15 19:32:55.156] [info]  [DiscordRP] Updating activity status...
[2026-05-15 19:32:55.157] [error] [Launch] Launch error occurred: [UNKNOWN/UNKNOWN] Unknown Crash - An unknown error occurred which did not match any classifications
[2026-05-15 19:33:15.879] [debug] [Window] [main] Window focused
[2026-05-15 19:33:20.475] [debug] [Window] [main] Window focused
[2026-05-15 19:33:23.767] [info]  [Window] Rewriting /versions to /versions/lunar...
[2026-05-15 19:33:30.629] [info]  [StorageInfo] Getting storage info...
[2026-05-15 19:33:30.632] [info]  [StorageInfo] Directory /home/unknown/.lunarclient/logs/game does not exist, skipping calculation...
[2026-05-15 19:33:30.632] [info]  [StorageInfo] Directory /home/unknown/.lunarclient/profiles/vanilla does not exist, skipping calculation...
[2026-05-15 19:33:30.632] [info]  [StorageInfo] Directory /home/unknown/.lunarclient/profiles/modrinth does not exist, skipping calculation...
[2026-05-15 19:33:30.632] [info]  [StorageInfo] Directory /home/unknown/.lunarclient/profiles/curseforge does not exist, skipping calculation...
[2026-05-15 19:33:30.632] [info]  [StorageInfo] Directory /home/unknown/.lunarclient/profiles/user-modpack does not exist, skipping calculation...
[2026-05-15 19:33:30.633] [info]  [StorageInfo] Directory /home/unknown/.lunarclient/game-cache does not exist, skipping calculation...
[2026-05-15 19:33:30.653] [info]  [StorageInfo] Successfully calculated storage info
[2026-05-15 19:34:18.069] [info]  [Profiles] Setting up logs configuration for Minecraft 1.21 at /home/unknown/.lunarclient/profiles/lunar/1.21/logs/config.xml...
[2026-05-15 19:34:18.070] [info]  [Launch] Starting new session (ID: 0b4032cb-5fb7-48af-aecc-fd0bac2d352d)
[2026-05-15 19:34:18.071] [info]  [Launch] [Request] Starting check...
[2026-05-15 19:34:18.072] [warn]  [Window] Window mission-control attempted to be recreated while already existing!
[2026-05-15 19:34:18.930] [info]  [Launch] [Request] Finished check (859ms)
[2026-05-15 19:34:18.931] [info]  [Launch] [Parallel-stages] Starting check...
[2026-05-15 19:34:18.931] [info]  [Launch]   [Licenses] Starting check...
[2026-05-15 19:34:18.931] [info]  [Launch]   [Textures] Starting check...
[2026-05-15 19:34:18.931] [info]  [Launch]   [Assets] Starting check...
[2026-05-15 19:34:18.931] [info]  [Launch]   [Artifacts-and-natives] Starting check...
[2026-05-15 19:34:18.931] [info]  [Launch]   [Jre] Starting check...
[2026-05-15 19:34:18.931] [info]  [Launch]   [Ui] Starting check...
[2026-05-15 19:34:18.932] [info]  [Launch]   [Base-modpack] Starting check...
[2026-05-15 19:34:18.932] [info]  [Launch]     [Artifacts] Starting check...
[2026-05-15 19:34:18.932] [info]  [Launch]   [Jre] JRE folder permissions: 755
[2026-05-15 19:34:18.966] [info]  [Launch]   [Ui] Skipping VC++ Redistributable as it's not required on this platform!
[2026-05-15 19:34:18.983] [info]  [Launch]   [Textures] Index is valid, using it...
[2026-05-15 19:34:18.988] [info]  [Launch] [Licenses] No new files needed, skipping download phase...
[2026-05-15 19:34:18.988] [info]  [Launch]   [Licenses] Finished check (57ms)
[2026-05-15 19:34:19.011] [info]  [Launch]   [Assets] Index is valid, using it...
[2026-05-15 19:34:19.138] [info]  [Launch]   [Ui] UI zip already downloaded and verified.
[2026-05-15 19:34:19.676] [info]  [Launch] [Textures] No new files needed, skipping download phase...
[2026-05-15 19:34:19.677] [info]  [Launch]   [Textures] Finished check (746ms)
[2026-05-15 19:34:19.678] [info]  [Profiles] Read 7 jars for profile Minecraft 1.21 (ID: a8ac3b28-06ec-4f84-a0e0-8d692d35bdec, Type: lunar, Game Version: 1.21.11):
[2026-05-15 19:34:19.679] [info]           * Fabric API v0.140.0+1.21.11: Enabled
[2026-05-15 19:34:19.679] [info]           * FerriteCore v8.0.3: Enabled
[2026-05-15 19:34:19.679] [info]           * Iris v1.10.4+mc1.21.11: Enabled
[2026-05-15 19:34:19.679] [info]           * Mod Menu v17.0.0-alpha.1: Enabled
[2026-05-15 19:34:19.679] [info]           * Placeholder API v2.8.1+1.21.10: Enabled
[2026-05-15 19:34:19.679] [info]           * Sodium v0.8.2+mc1.21.11: Enabled
[2026-05-15 19:34:19.679] [info]           * Zero v1.0: Enabled
[2026-05-15 19:34:19.686] [info]  [Launch]   [Base-modpack] Finished check (754ms)
[2026-05-15 19:34:20.016] [info]  [Launch] [Assets] No new files needed, skipping download phase...
[2026-05-15 19:34:20.017] [info]  [Launch]   [Assets] Finished check (1086ms)
[2026-05-15 19:34:20.025] [info]  [Launch]   [Ui] Zip contains 2 file entries.
[2026-05-15 19:34:20.025] [info]  [Launch]   [Ui] All 2 expected files are present.
[2026-05-15 19:34:20.025] [info]  [Launch]   [Ui] UI d2f97c959d3708b00306de66833674d608744c97 already extracted, reusing.
[2026-05-15 19:34:20.029] [info]  [Launch]   [Ui] Index is valid, using it...
[2026-05-15 19:34:20.040] [info]  [Launch] [Ui] No new files needed, skipping download phase...
[2026-05-15 19:34:20.041] [info]  [Launch]   [Ui] Finished check (1110ms)
[2026-05-15 19:34:20.076] [info]  [Launch] [Artifacts] No new files needed, skipping download phase...
[2026-05-15 19:34:20.077] [info]  [Launch]     [Artifacts] Finished check (1145ms)
[2026-05-15 19:34:20.077] [info]  [Launch]     [Natives] Starting check...
[2026-05-15 19:34:20.077] [info]  [Launch]     [Natives] Extracting 4 natives to /home/unknown/.lunarclient/offline/multiver/natives...
[2026-05-15 19:34:20.291] [info]  [Launch]   [Jre] No new files needed, skipping download phase...
[2026-05-15 19:34:20.292] [info]  [Launch]   [Jre] Performing JavaW integrity check...
[2026-05-15 19:34:20.292] [info]  [Launch]   [Jre] Current JavaW file permissions: 755
[2026-05-15 19:34:20.292] [info]  [Launch]   [Jre] Finished check (1361ms)
[2026-05-15 19:34:21.905] [info]  [Launch]     [Natives] Finished check (1828ms)
[2026-05-15 19:34:21.905] [info]  [Launch]   [Artifacts-and-natives] Finished check (2974ms)
[2026-05-15 19:34:21.905] [info]  [Launch] [Parallel-stages] Finished check (2974ms)
[2026-05-15 19:34:21.905] [info]  [Launch] [Jar-validation] Starting check...
[2026-05-15 19:34:21.905] [info]  [Launch] [Jar-validation] Validating jar files in /home/unknown/.lunarclient/profiles/lunar/1.21/mods/fabric-1.21.11...
[2026-05-15 19:34:21.907] [info]  [Launch] [Jar-validation] Found 53 jar file(s) to validate
[2026-05-15 19:34:21.987] [info]  [Launch] [Jar-validation] Validation complete: 53 valid, 0 invalid
[2026-05-15 19:34:21.987] [info]  [Launch] [Jar-validation] Finished check (82ms)
[2026-05-15 19:34:24.492] [info]  [Launch] Spawning JVM process with following configuration...
[2026-05-15 19:34:24.492] [info]           * Version: 1.21
[2026-05-15 19:34:24.492] [info]           * Subversion: 1.21.11
[2026-05-15 19:34:24.492] [info]           * Module: fabric
[2026-05-15 19:34:24.492] [info]           * Directory: /home/unknown/.minecraft
[2026-05-15 19:34:24.492] [info]           * Resolution: 1280x720
[2026-05-15 19:34:24.492] [info]           * Fullscreen?: false
[2026-05-15 19:34:24.492] [info]           * Memory: 3072MB
[2026-05-15 19:34:24.492] [info]           * Branch: master
[2026-05-15 19:34:24.492] [info]           * Quick Join: N/A
[2026-05-15 19:34:24.492] [info]           * Profile ID: a8ac3b28-06ec-4f84-a0e0-8d692d35bdec
[2026-05-15 19:34:24.492] [info]           * Loader Version: automatic
[2026-05-15 19:34:24.492] [info]           * Custom JVM Arguments: N/A
[2026-05-15 19:34:24.493] [info]           * IPC Port: 28190
[2026-05-15 19:34:24.493] [info]           * Pre-launch Command: N/A
[2026-05-15 19:34:24.493] [info]           * Wrapper Command: N/A
[2026-05-15 19:34:24.493] [info]           * Post-exit Command: N/A
[2026-05-15 19:34:24.493] [info]           * Mods Directory: /home/unknown/.lunarclient/profiles/lunar/1.21/mods
[2026-05-15 19:34:24.505] [info]  [Launch] JVM process started with following outputs...
[2026-05-15 19:34:24.506] [info]           * PID: 235499
[2026-05-15 19:34:24.506] [info]           * Start Time: 15.05.2026, 19:34:24
[2026-05-15 19:34:29.378] [info]  [Launch] JVM for launch session 0b4032cb-5fb7-48af-aecc-fd0bac2d352d has exited...
[2026-05-15 19:34:29.381] [info]           * Signal: SIGKILL
[2026-05-15 19:34:29.385] [info]  [DiscordRP] Updating activity status...
[2026-05-15 19:34:29.648] [info]  [DiscordRP] Updating activity status...
[2026-05-15 19:34:29.648] [info]  [Log Upload] Attempting to read game log: /home/unknown/.lunarclient/profiles/lunar/1.21/logs/latest.log
[2026-05-15 19:34:29.649] [error] [Log Upload] Error reading file latest.log: File does not exist.
[2026-05-15 19:34:29.650] [info]  [Log Upload] No launch directory or latest log timestamp found, skipping crash report search.
[2026-05-15 19:34:29.651] [warn]  [Log Upload] hs_err_pid file does not exist: /home/unknown/.lunarclient/offline/multiver/hs_err_pid235499.log
[2026-05-15 19:34:29.651] [warn]  [Log Upload] Minecraft debug folder does not exist at /home/unknown/.minecraft/debug, skipping...
[2026-05-15 19:34:29.651] [info]  [Log Upload] Collected file: lunar/main.log (/home/unknown/.lunarclient/logs/launcher/main.log)
[2026-05-15 19:34:29.651] [info]  [Log Upload] Collected file: lunar/assetserver.log (/home/unknown/.lunarclient/logs/launcher/assetserver.log)
[2026-05-15 19:34:29.652] [info]  [Log Upload] Collected file: lunar/auth.log (/home/unknown/.lunarclient/logs/launcher/auth.log)
[2026-05-15 19:34:29.652] [info]  [Log Upload] Collected file: lunar/gameipc.log (/home/unknown/.lunarclient/logs/launcher/gameipc.log)
[2026-05-15 19:34:29.652] [info]  [Log Upload] Collected file: lunar/promotions.log (/home/unknown/.lunarclient/logs/launcher/promotions.log)
[2026-05-15 19:34:29.652] [info]  [Log Upload] Collected file: lunar/updater.log (/home/unknown/.lunarclient/logs/launcher/updater.log)
[2026-05-15 19:34:29.652] [info]  [Log Upload] Collected file: lunar/window.log (/home/unknown/.lunarclient/logs/launcher/window.log)
[2026-05-15 19:34:29.652] [info]  [Log Upload] Collected file: lunar/overwolf.log (/home/unknown/.lunarclient/logs/launcher/overwolf.log)
[2026-05-15 19:34:29.652] [info]  [Log Upload] Collected file: lunar/styngr.log (/home/unknown/.lunarclient/logs/launcher/styngr.log)
[2026-05-15 19:34:29.653] [warn]  [Log Upload] File does not exist: lunar/tebex.log (/home/unknown/.lunarclient/logs/launcher/tebex.log), skipping from sending...
[2026-05-15 19:34:29.653] [warn]  [Log Upload] File does not exist: overwolf/owpm.log (/home/unknown/.config/ow-electron/jilehohlakeokncafogkgnicgndeecdiengddbcc/logs/owpm.log), skipping from sending...
[2026-05-15 19:34:29.653] [warn]  [Log Upload] File does not exist: overwolf/overlay.log (/home/unknown/.config/ow-electron/jilehohlakeokncafogkgnicgndeecdiengddbcc/logs/overlay/overlay.log), skipping from sending...
[2026-05-15 19:34:29.653] [warn]  [Log Upload] File does not exist: overwolf/utility.log (/home/unknown/.config/ow-electron/jilehohlakeokncafogkgnicgndeecdiengddbcc/logs/utility/utility.log), skipping from sending...
[2026-05-15 19:34:29.653] [warn]  [Log Upload] File does not exist: badlion/main.log (/home/unknown/Badlion Client/logs/main.log), skipping from sending...
[2026-05-15 19:34:29.653] [warn]  [Log Upload] File does not exist: badlion/renderer.log (/home/unknown/Badlion Client/logs/renderer.log), skipping from sending...
[2026-05-15 19:34:29.653] [warn]  [Log Upload] File does not exist: badlion/latest.log (/home/unknown/.minecraft/logs/blclient/minecraft/latest.log), skipping from sending...
[2026-05-15 19:34:29.653] [info]  [Log Upload] Collected file: minecraft/ichor-boot.log (/home/unknown/.lunarclient/profiles/lunar/1.21/logs/ichor-boot.log)
[2026-05-15 19:34:29.653] [warn]  [Log Upload] File does not exist: minecraft/latest.log (/home/unknown/.lunarclient/profiles/lunar/1.21/logs/latest.log), skipping from sending...
[2026-05-15 19:34:29.655] [info]  [DiscordRP] Updating activity status...
[2026-05-15 19:34:29.656] [error] [Launch] Launch error occurred: [UNKNOWN/UNKNOWN] Unknown Crash - An unknown error occurred which did not match any classifications
[2026-05-15 19:34:37.058] [info]  [Log Upload] Attempting to start upload... (initiator: launch-error-modal)
[2026-05-15 19:34:37.058] [info]  [Log Upload] Associating logs with player: mooncode2 (6059d157-0467-44eb-9ae6-523af8a60dc1)
[2026-05-15 19:34:37.059] [info]  [Log Upload] Attempting to read game log: /home/unknown/.lunarclient/profiles/lunar/1.21/logs/latest.log
[2026-05-15 19:34:37.059] [error] [Log Upload] Error reading file latest.log: File does not exist.
[2026-05-15 19:34:37.059] [info]  [Log Upload] No launch directory or latest log timestamp found, skipping crash report search.
[2026-05-15 19:34:37.059] [warn]  [Log Upload] No Sentry report ID found... support may be limited.
[2026-05-15 19:34:37.059] [warn]  [Log Upload] hs_err_pid file does not exist: /home/unknown/.lunarclient/offline/multiver/hs_err_pid235499.log
[2026-05-15 19:34:37.059] [warn]  [Log Upload] Minecraft debug folder does not exist at /home/unknown/.minecraft/debug, skipping...
[2026-05-15 19:34:37.059] [info]  [Log Upload] Collected file: lunar/main.log (/home/unknown/.lunarclient/logs/launcher/main.log)
[2026-05-15 19:34:37.060] [info]  [Log Upload] Collected file: lunar/assetserver.log (/home/unknown/.lunarclient/logs/launcher/assetserver.log)
[2026-05-15 19:34:37.060] [info]  [Log Upload] Collected file: lunar/auth.log (/home/unknown/.lunarclient/logs/launcher/auth.log)
[2026-05-15 19:34:37.060] [info]  [Log Upload] Collected file: lunar/gameipc.log (/home/unknown/.lunarclient/logs/launcher/gameipc.log)
[2026-05-15 19:34:37.060] [info]  [Log Upload] Collected file: lunar/promotions.log (/home/unknown/.lunarclient/logs/launcher/promotions.log)
[2026-05-15 19:34:37.060] [info]  [Log Upload] Collected file: lunar/updater.log (/home/unknown/.lunarclient/logs/launcher/updater.log)
[2026-05-15 19:34:37.060] [info]  [Log Upload] Collected file: lunar/window.log (/home/unknown/.lunarclient/logs/launcher/window.log)
[2026-05-15 19:34:37.060] [info]  [Log Upload] Collected file: lunar/overwolf.log (/home/unknown/.lunarclient/logs/launcher/overwolf.log)
[2026-05-15 19:34:37.060] [info]  [Log Upload] Collected file: lunar/styngr.log (/home/unknown/.lunarclient/logs/launcher/styngr.log)
[2026-05-15 19:34:37.060] [warn]  [Log Upload] File does not exist: lunar/tebex.log (/home/unknown/.lunarclient/logs/launcher/tebex.log), skipping from sending...
[2026-05-15 19:34:37.060] [warn]  [Log Upload] File does not exist: overwolf/owpm.log (/home/unknown/.config/ow-electron/jilehohlakeokncafogkgnicgndeecdiengddbcc/logs/owpm.log), skipping from sending...
[2026-05-15 19:34:37.060] [warn]  [Log Upload] File does not exist: overwolf/overlay.log (/home/unknown/.config/ow-electron/jilehohlakeokncafogkgnicgndeecdiengddbcc/logs/overlay/overlay.log), skipping from sending...
[2026-05-15 19:34:37.060] [warn]  [Log Upload] File does not exist: overwolf/utility.log (/home/unknown/.config/ow-electron/jilehohlakeokncafogkgnicgndeecdiengddbcc/logs/utility/utility.log), skipping from sending...
[2026-05-15 19:34:37.060] [warn]  [Log Upload] File does not exist: badlion/main.log (/home/unknown/Badlion Client/logs/main.log), skipping from sending...
[2026-05-15 19:34:37.060] [warn]  [Log Upload] File does not exist: badlion/renderer.log (/home/unknown/Badlion Client/logs/renderer.log), skipping from sending...
[2026-05-15 19:34:37.060] [warn]  [Log Upload] File does not exist: badlion/latest.log (/home/unknown/.minecraft/logs/blclient/minecraft/latest.log), skipping from sending...
[2026-05-15 19:34:37.060] [info]  [Log Upload] Collected file: minecraft/ichor-boot.log (/home/unknown/.lunarclient/profiles/lunar/1.21/logs/ichor-boot.log)
[2026-05-15 19:34:37.060] [warn]  [Log Upload] File does not exist: minecraft/latest.log (/home/unknown/.lunarclient/profiles/lunar/1.21/logs/latest.log), skipping from sending...
[2026-05-15 19:34:37.060] [info]  [Log Upload] Starting upload...
[2026-05-15 19:34:37.060] [info]           * Player: mooncode2
[2026-05-15 19:34:37.060] [info]           * UUID: 6059d157-0467-44eb-9ae6-523af8a60dc1
[2026-05-15 19:34:37.060] [info]           * Initiator: launch-error-modal
[2026-05-15 19:34:37.060] [info]           * Launch ID: 0b4032cb-5fb7-48af-aecc-fd0bac2d352d
[2026-05-15 19:34:37.060] [info]           * Crash Classification: UNKNOWN/UNKNOWN
[2026-05-15 19:34:37.266] [info]  [Log Upload] Starting upload of 10 files... (ID: LCLU-EHLNXKPBNXSA)
[2026-05-15 19:34:38.066] [info]  [Log Upload] Upload Progress: File lunar/main.log (1/10) uploaded successfully.
[2026-05-15 19:34:38.574] [info]  [Log Upload] Upload Progress: File lunar/assetserver.log (2/10) uploaded successfully.
[2026-05-15 19:34:38.755] [info]  [Log Upload] Upload Progress: File lunar/auth.log (3/10) uploaded successfully.
[2026-05-15 19:34:38.933] [info]  [Log Upload] Upload Progress: File lunar/gameipc.log (4/10) uploaded successfully.
[2026-05-15 19:34:39.118] [info]  [Log Upload] Upload Progress: File lunar/promotions.log (5/10) uploaded successfully.
[2026-05-15 19:34:39.295] [info]  [Log Upload] Upload Progress: File lunar/updater.log (6/10) uploaded successfully.
[2026-05-15 19:34:39.478] [info]  [Log Upload] Upload Progress: File lunar/window.log (7/10) uploaded successfully.
[2026-05-15 19:34:39.655] [info]  [Log Upload] Upload Progress: File lunar/overwolf.log (8/10) uploaded successfully.
[2026-05-15 19:34:39.841] [info]  [Log Upload] Upload Progress: File lunar/styngr.log (9/10) uploaded successfully.
[2026-05-15 19:34:40.017] [info]  [Log Upload] Upload Progress: File minecraft/ichor-boot.log (10/10) uploaded successfully.
[2026-05-15 19:34:40.244] [info]  [Log Upload] Logs uploaded successfully! (ID: LCLU-EHLNXKPBNXSA)
[2026-05-15 19:35:14.704] [debug] [Window] [mission-control] Window focused
[2026-05-15 19:35:31.780] [debug] [Window] [main] Window focused
[2026-05-15 19:35:45.262] [error] Error reading file latest.log: Error: ENOENT: no such file or directory, open '/home/unknown/.lunarclient/profiles/lunar/1.21/logs/latest.log'
    at Object.readFileSync (node:fs:441:20)
    at t.readFileSync (node:electron/js2c/node_init:2:11013)
    at /tmp/.mount_Lunar.YExmLo/resources/app.asar/dist-electron/electron/main.js:282:1113628
    at Session.<anonymous> (node:electron/js2c/browser_init:2:214534)
    at Session.emit (node:events:519:28)
    at Session.callbackTrampoline (node:internal/async_hooks:130:17)
[2026-05-15 19:36:16.194] [debug] [Window] [main] Window focused
[2026-05-15 19:36:28.202] [debug] [Window] [mission-control] Window focused
[2026-05-15 19:36:31.151] [error] [Window] [mission-control] [Console] Uncaught (in promise) TypeError: Cannot read properties of undefined (reading 'left')
[2026-05-15 19:37:07.219] [debug] [Window] [satellite] Window focused
[2026-05-15 19:37:12.553] [debug] [Window] [satellite] Window closing...
[2026-05-15 19:37:12.574] [debug] [Window] [mission-control] Window focused
[2026-05-15 19:37:12.576] [debug] [Window] [mission-control] Window focused
[2026-05-15 19:37:16.278] [debug] [Window] [mission-control] Window closing...
[2026-05-15 19:37:16.279] [info]  [Window] Position changed for Mission Control, persisting...
[2026-05-15 19:37:16.279] [info]  [Window]          * X: 2870 -> 950
[2026-05-15 19:37:16.279] [info]  [Window]          * Y: 140 -> 157
[2026-05-15 19:37:16.279] [info]  [Window]          * Screen: 33
[2026-05-15 19:37:16.279] [info]  [Settings] Setting mission-control-position to {"x":950,"y":157}...
[2026-05-15 19:37:16.283] [info]  [Settings] Setting mission-control-screen to 33...
[2026-05-15 19:37:16.324] [debug] [Window] [main] Window focused
[2026-05-15 19:37:20.403] [debug] [Window] [main] Window closing...
[2026-05-15 19:37:20.404] [debug] [Window] [main] Window hidden
[2026-05-15 19:38:31.849] [error] [Electron] Render process has been killed or crashed...
[2026-05-15 19:38:31.852] [error]          * WebContents ID: 25
[2026-05-15 19:38:31.852] [error]          * Reason: killed
[2026-05-15 19:38:31.852] [error]          * Exit Code: 9
[2026-05-15 19:38:36.027] [info]  [Updater] Checking for updates...
[2026-05-15 19:38:36.027] [info]           * Current Version: 3.6.10.10229
[2026-05-15 19:38:36.027] [info]           * Channel: latest-ow
[2026-05-15 19:38:36.027] [info]           * URL: https://launcherupdates.lunarclientcdn.com
[2026-05-15 19:38:36.027] [info]           * User Initiated: false
[2026-05-15 19:38:36.258] [info]  [Updater] No updates available.
[2026-05-15 19:38:36.259] [info]  [Updater] Update check returned a result... skipping: {"isUpdateAvailable":false,"versionInfo":{"version":"3.6.10-ow","files":[{"url":"Lunar Client-3.6.10-ow.AppImage","sha512":"qdr6CcCtZa++KLzfmpA8ChdHXO3N+syn06pTXH7EQY0uI10ZI0w4os+hZ6SNoh0+YOcMY90gv4k4zpI9jWKPVg==","size":145055706,"blockMapSize":151534}],"path":"Lunar Client-3.6.10-ow.AppImage","sha512":"qdr6CcCtZa++KLzfmpA8ChdHXO3N+syn06pTXH7EQY0uI10ZI0w4os+hZ6SNoh0+YOcMY90gv4k4zpI9jWKPVg==","releaseDate":"2026-05-11T13:07:40.294Z"},"updateInfo":{"version":"3.6.10-ow","files":[{"url":"Lunar Client-3.6.10-ow.AppImage","sha512":"qdr6CcCtZa++KLzfmpA8ChdHXO3N+syn06pTXH7EQY0uI10ZI0w4os+hZ6SNoh0+YOcMY90gv4k4zpI9jWKPVg==","size":145055706,"blockMapSize":151534}],"path":"Lunar Client-3.6.10-ow.AppImage","sha512":"qdr6CcCtZa++KLzfmpA8ChdHXO3N+syn06pTXH7EQY0uI10ZI0w4os+hZ6SNoh0+YOcMY90gv4k4zpI9jWKPVg==","releaseDate":"2026-05-11T13:07:40.294Z"}}
